#-----------------------------------------------------------
# updatemem v2023.1 (64-bit)
# SW Build 3865809 on Sun May  7 15:05:29 MDT 2023
# 
# 
# Start of session at: Sat Apr  6 19:58:42 2024
# Process ID: 13752
# Current directory: C:/VProject/Attempt_1_04-04-2024/SAXI_MB_PR_HW_SW_01
# Command line: updatemem.exe -mode batch -source D:/Xilinx/Vitis/2023.1/scripts/updatemem/main.tcl -notrace -tclargs -meminfo C:/VProject/Attempt_1_04-04-2024/SAXI_MB_PR_HW_SW_01/LEDPR_Application_01/_ide/bitstream/design_1_wrapper.mmi -data D:/Xilinx/Vitis/2023.1/data/embeddedsw/lib/microblaze/mb_bootloop_le.elf -proc design_1_i/microblaze_0 -bit C:/VProject/Attempt_1_04-04-2024/SAXI_MB_PR_HW_SW_01/LEDPR_Application_01/_ide/bitstream/design_1_wrapper.bit -out C:/VProject/Attempt_1_04-04-2024/SAXI_MB_PR_HW_SW_01/LEDPR_Application_01/_ide/bitstream/download.bit -force
# Log file: C:/VProject/Attempt_1_04-04-2024/SAXI_MB_PR_HW_SW_01/updatemem.log
# Journal file: C:/VProject/Attempt_1_04-04-2024/SAXI_MB_PR_HW_SW_01\updatemem.jou
# Running On: Jasmeet, OS: Windows, CPU Frequency: 2592 MHz, CPU Physical cores: 6, Host memory: 16990 MB
#-----------------------------------------------------------
source D:/Xilinx/Vitis/2023.1/scripts/updatemem/main.tcl -notrace
