14:42:00 **** Incremental Build of configuration Debug for project DFX_Led_Application ****
make all 
'Building file: ../src/helloworld.c'
'Invoking: MicroBlaze gcc compiler'
mb-gcc -Wall -O0 -g3 -c -fmessage-length=0 -MT"src/helloworld.o" -IC:/VProject/Attempt_4_10-04-2024/LedCount/LedCount.sdk/DFX_Led_Platform/export/DFX_Led_Platform/sw/DFX_Led_Platform/standalone_domain/bspinclude/include -mlittle-endian -mcpu=v11.0 -mxl-soft-mul -Wl,--no-relax -ffunction-sections -fdata-sections -MMD -MP -MF"src/helloworld.d" -MT"src/helloworld.o" -o "src/helloworld.o" "../src/helloworld.c"
In file included from ../src/helloworld.c:54:
C:/VProject/Attempt_4_10-04-2024/LedCount/LedCount.sdk/DFX_Led_Platform/export/DFX_Led_Platform/sw/DFX_Led_Platform/standalone_domain/bspinclude/include/xbasic_types.h:102:2: warning: #warning The xbasics_type.h file is deprecated and users should use xil_types.h and xil_assert. [-Wcpp]
  102 | #warning  The xbasics_type.h file is deprecated and users should use xil_types.h and xil_assert.
      |  ^~~~~~~
C:/VProject/Attempt_4_10-04-2024/LedCount/LedCount.sdk/DFX_Led_Platform/export/DFX_Led_Platform/sw/DFX_Led_Platform/standalone_domain/bspinclude/include/xbasic_types.h:103:2: warning: #warning Please refer the Standalone BSP UG647 for further details [-Wcpp]
  103 | #warning  Please refer the Standalone BSP UG647 for further details
      |  ^~~~~~~
'Finished building: ../src/helloworld.c'
' '
'Building target: DFX_Led_Application.elf'
'Invoking: MicroBlaze gcc linker'
mb-gcc -Wl,-T -Wl,../src/lscript.ld -LC:/VProject/Attempt_4_10-04-2024/LedCount/LedCount.sdk/DFX_Led_Platform/export/DFX_Led_Platform/sw/DFX_Led_Platform/standalone_domain/bsplib/lib -mlittle-endian -mcpu=v11.0 -mxl-soft-mul -Wl,--no-relax -Wl,--gc-sections -o "DFX_Led_Application.elf"  ./src/helloworld.o ./src/platform.o   -Wl,--start-group,-lxilffs,-lxil,-lgcc,-lc,--end-group
'Finished building target: DFX_Led_Application.elf'
' '
'Invoking: MicroBlaze Print Size'
mb-size DFX_Led_Application.elf  |tee "DFX_Led_Application.elf.size"
   text	   data	    bss	    dec	    hex	filename
  10540	    368	   3204	  14112	   3720	DFX_Led_Application.elf
'Finished building: DFX_Led_Application.elf.size'
' '

14:42:05 Build Finished (took 4s.908ms)

