01:13:19 **** Incremental Build of configuration Debug for project LED_Application1 ****
make all 
'Building file: ../src/helloworld.c'
'Invoking: MicroBlaze gcc compiler'
mb-gcc -Wall -O0 -g3 -c -fmessage-length=0 -MT"src/helloworld.o" -IC:/VProject/Attempt_2_09-04-2024/SAXI_MB_PR_01/LED_PR_Attempt1/export/LED_PR_Attempt1/sw/LED_PR_Attempt1/standalone_domain/bspinclude/include -mlittle-endian -mcpu=v11.0 -mxl-soft-mul -Wl,--no-relax -ffunction-sections -fdata-sections -MMD -MP -MF"src/helloworld.d" -MT"src/helloworld.o" -o "src/helloworld.o" "../src/helloworld.c"
In file included from ../src/helloworld.c:52:
C:/VProject/Attempt_2_09-04-2024/SAXI_MB_PR_01/LED_PR_Attempt1/export/LED_PR_Attempt1/sw/LED_PR_Attempt1/standalone_domain/bspinclude/include/xbasic_types.h:102:2: warning: #warning The xbasics_type.h file is deprecated and users should use xil_types.h and xil_assert. [-Wcpp]
  102 | #warning  The xbasics_type.h file is deprecated and users should use xil_types.h and xil_assert.
      |  ^~~~~~~
C:/VProject/Attempt_2_09-04-2024/SAXI_MB_PR_01/LED_PR_Attempt1/export/LED_PR_Attempt1/sw/LED_PR_Attempt1/standalone_domain/bspinclude/include/xbasic_types.h:103:2: warning: #warning Please refer the Standalone BSP UG647 for further details [-Wcpp]
  103 | #warning  Please refer the Standalone BSP UG647 for further details
      |  ^~~~~~~
'Finished building: ../src/helloworld.c'
' '
'Building target: LED_Application1.elf'
'Invoking: MicroBlaze gcc linker'
mb-gcc -Wl,-T -Wl,../src/lscript.ld -LC:/VProject/Attempt_2_09-04-2024/SAXI_MB_PR_01/LED_PR_Attempt1/export/LED_PR_Attempt1/sw/LED_PR_Attempt1/standalone_domain/bsplib/lib -mlittle-endian -mcpu=v11.0 -mxl-soft-mul -Wl,--no-relax -Wl,--gc-sections -o "LED_Application1.elf"  ./src/helloworld.o ./src/platform.o   -Wl,--start-group,-lxil,-lgcc,-lc,--end-group
'Finished building target: LED_Application1.elf'
' '
'Invoking: MicroBlaze Print Size'
mb-size LED_Application1.elf  |tee "LED_Application1.elf.size"
   text	   data	    bss	    dec	    hex	filename
   7440	    356	   3164	  10960	   2ad0	LED_Application1.elf
'Finished building: LED_Application1.elf.size'
' '

01:13:20 Build Finished (took 494ms)

