00:21:46 **** Incremental Build of configuration Debug for project LEDPR_Application_01 ****
make all 
'Building file: ../src/LedApplication.c'
'Invoking: MicroBlaze gcc compiler'
mb-gcc -Wall -O0 -g3 -c -fmessage-length=0 -MT"src/LedApplication.o" -IC:/VProject/Attempt_1_04-04-2024/SAXI_MB_PR_HW_SW_01/LED_PR_Attempt1/export/LED_PR_Attempt1/sw/LED_PR_Attempt1/standalone_domain/bspinclude/include -mlittle-endian -mcpu=v11.0 -mxl-soft-mul -Wl,--no-relax -ffunction-sections -fdata-sections -MMD -MP -MF"src/LedApplication.d" -MT"src/LedApplication.o" -o "src/LedApplication.o" "../src/LedApplication.c"
In file included from ../src/LedApplication.c:52:
C:/VProject/Attempt_1_04-04-2024/SAXI_MB_PR_HW_SW_01/LED_PR_Attempt1/export/LED_PR_Attempt1/sw/LED_PR_Attempt1/standalone_domain/bspinclude/include/xbasic_types.h:102:2: warning: #warning The xbasics_type.h file is deprecated and users should use xil_types.h and xil_assert. [-Wcpp]
  102 | #warning  The xbasics_type.h file is deprecated and users should use xil_types.h and xil_assert.
      |  ^~~~~~~
C:/VProject/Attempt_1_04-04-2024/SAXI_MB_PR_HW_SW_01/LED_PR_Attempt1/export/LED_PR_Attempt1/sw/LED_PR_Attempt1/standalone_domain/bspinclude/include/xbasic_types.h:103:2: warning: #warning Please refer the Standalone BSP UG647 for further details [-Wcpp]
  103 | #warning  Please refer the Standalone BSP UG647 for further details
      |  ^~~~~~~
'Finished building: ../src/LedApplication.c'
' '
'Building target: LEDPR_Application_01.elf'
'Invoking: MicroBlaze gcc linker'
mb-gcc -Wl,-T -Wl,../src/lscript.ld -LC:/VProject/Attempt_1_04-04-2024/SAXI_MB_PR_HW_SW_01/LED_PR_Attempt1/export/LED_PR_Attempt1/sw/LED_PR_Attempt1/standalone_domain/bsplib/lib -mlittle-endian -mcpu=v11.0 -mxl-soft-mul -Wl,--no-relax -Wl,--gc-sections -o "LEDPR_Application_01.elf"  ./src/LedApplication.o ./src/platform.o   -Wl,--start-group,-lxil,-lgcc,-lc,--end-group
'Finished building target: LEDPR_Application_01.elf'
' '
'Invoking: MicroBlaze Print Size'
mb-size LEDPR_Application_01.elf  |tee "LEDPR_Application_01.elf.size"
   text	   data	    bss	    dec	    hex	filename
   7440	    356	   3164	  10960	   2ad0	LEDPR_Application_01.elf
'Finished building: LEDPR_Application_01.elf.size'
' '

00:21:46 Build Finished (took 729ms)

