#-----------------------------------------------------------
# Vivado v2023.1 (64-bit)
# SW Build 3865809 on Sun May  7 15:05:29 MDT 2023
# IP Build 3864474 on Sun May  7 20:36:21 MDT 2023
# SharedData Build 3865790 on Sun May 07 13:33:03 MDT 2023
# Start of session at: Wed Apr 10 17:24:01 2024
# Process ID: 8936
# Current directory: C:/Users/jasme/Desktop/BacheloreProject/DynamicFunctionExchange/New_Management/Attempt_3_10-04-2024/ip_repo
# Command line: vivado.exe -gui_launcher_event rodinguilauncherevent2044 C:\Users\jasme\Desktop\BacheloreProject\DynamicFunctionExchange\New_Management\Attempt_3_10-04-2024\ip_repo\edit_Led_AXI_v1_0.xpr
# Log file: C:/Users/jasme/Desktop/BacheloreProject/DynamicFunctionExchange/New_Management/Attempt_3_10-04-2024/ip_repo/vivado.log
# Journal file: C:/Users/jasme/Desktop/BacheloreProject/DynamicFunctionExchange/New_Management/Attempt_3_10-04-2024/ip_repo\vivado.jou
# Running On: Jasmeet, OS: Windows, CPU Frequency: 2592 MHz, CPU Physical cores: 6, Host memory: 16990 MB
#-----------------------------------------------------------
start_gui
open_project C:/Users/jasme/Desktop/BacheloreProject/DynamicFunctionExchange/New_Management/Attempt_3_10-04-2024/ip_repo/edit_Led_AXI_v1_0.xpr
update_compile_order -fileset sources_1
