#-----------------------------------------------------------
# Vivado v2023.1 (64-bit)
# SW Build 3865809 on Sun May  7 15:05:29 MDT 2023
# IP Build 3864474 on Sun May  7 20:36:21 MDT 2023
# SharedData Build 3865790 on Sun May 07 13:33:03 MDT 2023
# Start of session at: Wed Mar 27 16:21:33 2024
# Process ID: 3372
# Current directory: C:/Users/jasme/Desktop/DFX/Vivado_Project/M_AXI_LED_LOGIC
# Command line: vivado.exe -gui_launcher_event rodinguilauncherevent18444 C:\Users\jasme\Desktop\DFX\Vivado_Project\M_AXI_LED_LOGIC\M_AXI_LED_LOGIC.xpr
# Log file: C:/Users/jasme/Desktop/DFX/Vivado_Project/M_AXI_LED_LOGIC/vivado.log
# Journal file: C:/Users/jasme/Desktop/DFX/Vivado_Project/M_AXI_LED_LOGIC\vivado.jou
# Running On: Jasmeet, OS: Windows, CPU Frequency: 2592 MHz, CPU Physical cores: 6, Host memory: 16990 MB
#-----------------------------------------------------------
start_gui
open_project C:/Users/jasme/Desktop/DFX/Vivado_Project/M_AXI_LED_LOGIC/M_AXI_LED_LOGIC.xpr
update_compile_order -fileset sources_1
